Input #0, mov,mp4,m4a,3gp,3g2,mj2, from 'projects/情感失色症_60秒/segments_4090D-48G/00-15_00001-audio.mp4':
  Metadata:
    major_brand     : isom
    minor_version   : 512
    compatible_brands: isomiso2avc1mp41
    encoder         : Lavf61.1.100
    comment         : {"prompt": "{\"1\": {\"inputs\": {\"unet_name\": \"minimax_h3_fl2va_int8_convrot.safetensors\", \"weight_dtype\": \"default\"}, \"class_type\": \"UNETLoader\", \"_meta\": {\"title\": \"Load Diffusion Model\"}}, \"3\": {\"inputs\": {\"clip_name\": \"qwen3v
  Duration: 00:00:15.08, start: 0.000000, bitrate: 4745 kb/s
  Stream #0:0[0x1](und): Video: h264 (High) (avc1 / 0x31637661), yuv420p(tv, bt709, progressive), 1280x736, 4615 kb/s, 24 fps, 24 tbr, 12288 tbn (default)
    Metadata:
      handler_name    : VideoHandler
      encoder         : Lavc61.3.100 libx264
  Stream #0:1[0x2](und): Audio: aac (LC) (mp4a / 0x6134706D), 32000 Hz, stereo, fltp, 128 kb/s (default)
    Metadata:
      handler_name    : SoundHandler
Stream mapping:
  Stream #0:0 -> #0:0 (h264 (native) -> wrapped_avframe (native))
Press [q] to stop, [?] for help
[Parsed_showinfo_1 @ 0x90d02a040] config in time_base: 1/12288, frame_rate: 24/1
[Parsed_showinfo_1 @ 0x90d02a040] config out time_base: 0/0, frame_rate: 0/0
[Parsed_showinfo_1 @ 0x90d02a040] n:   0 pts:  34816 pts_time:2.833333 duration:    512 duration_time:0.0416667 fmt:yuv420p cl:left sar:0/1 s:1280x736 i:P iskey:0 type:P checksum:704F3806 plane_checksum:[9F4E2AA0 927D5B98 BF43B1BF] mean:[174 135 121] stdev:[23.4 2.3 4.2]
[Parsed_showinfo_1 @ 0x90d02a040] color_range:tv color_space:bt709 color_primaries:bt709 color_trc:bt709
Output #0, null, to 'pipe:':
  Metadata:
    major_brand     : isom
    minor_version   : 512
    compatible_brands: isomiso2avc1mp41
    comment         : {"prompt": "{\"1\": {\"inputs\": {\"unet_name\": \"minimax_h3_fl2va_int8_convrot.safetensors\", \"weight_dtype\": \"default\"}, \"class_type\": \"UNETLoader\", \"_meta\": {\"title\": \"Load Diffusion Model\"}}, \"3\": {\"inputs\": {\"clip_name\": \"qwen3v
    encoder         : Lavf62.12.102
  Stream #0:0(und): Video: wrapped_avframe, yuv420p(tv, bt709, progressive), 1280x736, q=2-31, 200 kb/s, 24 fps, 24 tbn (default)
    Metadata:
      encoder         : Lavc62.28.102 wrapped_avframe
      handler_name    : VideoHandler
[Parsed_showinfo_1 @ 0x90d02a040] n:   1 pts:  62464 pts_time:5.083333 duration:    512 duration_time:0.0416667 fmt:yuv420p cl:left sar:0/1 s:1280x736 i:P iskey:0 type:I checksum:CA9E9EDB plane_checksum:[A4EBC7A5 4296BA74 B4AC1CB3] mean:[169 135 119] stdev:[21.8 2.1 4.8]
[Parsed_showinfo_1 @ 0x90d02a040] color_range:tv color_space:bt709 color_primaries:bt709 color_trc:bt709
[Parsed_showinfo_1 @ 0x90d02a040] n:   2 pts:  87552 pts_time:7.125   duration:    512 duration_time:0.0416667 fmt:yuv420p cl:left sar:0/1 s:1280x736 i:P iskey:0 type:I checksum:431E0BEE plane_checksum:[737E94AF 96638BAF 7401EB72] mean:[206 133 125] stdev:[15.3 1.2 1.6]
[Parsed_showinfo_1 @ 0x90d02a040] color_range:tv color_space:bt709 color_primaries:bt709 color_trc:bt709
[Parsed_showinfo_1 @ 0x90d02a040] n:   3 pts: 118272 pts_time:9.625   duration:    512 duration_time:0.0416667 fmt:yuv420p cl:left sar:0/1 s:1280x736 i:P iskey:0 type:I checksum:721004CE plane_checksum:[ECD222C1 C2CAB917 4AD128E7] mean:[181 133 121] stdev:[22.0 4.5 7.2]
[Parsed_showinfo_1 @ 0x90d02a040] color_range:tv color_space:bt709 color_primaries:bt709 color_trc:bt709
[Parsed_showinfo_1 @ 0x90d02a040] n:   4 pts: 137216 pts_time:11.166667 duration:    512 duration_time:0.0416667 fmt:yuv420p cl:left sar:0/1 s:1280x736 i:P iskey:1 type:I checksum:1F676D0F plane_checksum:[F804B29F 12CB124E DB88A813] mean:[191 132 127] stdev:[19.2 4.5 5.8]
[Parsed_showinfo_1 @ 0x90d02a040] color_range:tv color_space:bt709 color_primaries:bt709 color_trc:bt709
[out#0/null @ 0x90d0283c0] video:2KiB audio:0KiB subtitle:0KiB other streams:0KiB global headers:0KiB muxing overhead: unknown
frame=    5 fps=0.0 q=-0.0 Lsize=N/A time=00:00:11.20 bitrate=N/A speed=65.6x elapsed=0:00:00.17    
